\BOOKMARK [0][-]{chapter.1}{\376\377\000L\000e\000\040\000l\000a\000n\000g\000a\000g\000e\000\040\000M}{}% 1
\BOOKMARK [1][-]{section.1.1}{\376\377\000I\000n\000t\000r\000o\000d\000u\000c\000t\000i\000o\000n\000\040\000a\000u\000\040\000l\000a\000n\000g\000a\000g\000e\000\040\000M}{chapter.1}% 2
\BOOKMARK [2][-]{subsection.1.1.1}{\376\377\000L\000e\000s\000\040\000\351\000l\000\351\000m\000e\000n\000t\000s\000\040\000d\000e\000\040\000b\000a\000s\000e}{section.1.1}% 3
\BOOKMARK [2][-]{subsection.1.1.2}{\376\377\000D\000\351\000f\000i\000n\000i\000t\000i\000o\000n\000s\000\040\000p\000a\000r\000\040\000d\000\351\000f\000a\000u\000t}{section.1.1}% 4
\BOOKMARK [2][-]{subsection.1.1.3}{\376\377\000A\000p\000e\000r\000\347\000u\000\040\000d\000e\000\040\000l\000a\000\040\000s\000y\000n\000t\000a\000x\000e}{section.1.1}% 5
\BOOKMARK [2][-]{subsection.1.1.4}{\376\377\000D\000\351\000f\000i\000n\000i\000t\000i\000o\000n\000\040\000d\000e\000\040\000v\000a\000r\000i\000a\000b\000l\000e\000s}{section.1.1}% 6
\BOOKMARK [2][-]{subsection.1.1.5}{\376\377\000R\000\350\000g\000l\000e\000s\000\040\000d\000e\000\040\000c\000a\000l\000c\000u\000l}{section.1.1}% 7
\BOOKMARK [1][-]{section.1.2}{\376\377\000L\000a\000\040\000s\000y\000n\000t\000a\000x\000e\000\040\000d\000u\000\040\000M}{chapter.1}% 8
\BOOKMARK [2][-]{subsection.1.2.1}{\376\377\000P\000r\000o\000g\000r\000a\000m\000m\000e\000\040\000M\000\040\000e\000t\000\040\000a\000p\000p\000l\000i\000c\000a\000t\000i\000o\000n\000s}{section.1.2}% 9
\BOOKMARK [2][-]{subsection.1.2.2}{\376\377\000D\000\351\000f\000i\000n\000i\000t\000i\000o\000n\000s\000\040\000l\000i\000m\000i\000n\000a\000i\000r\000e\000s}{section.1.2}% 10
\BOOKMARK [3][-]{subsubsection*.3}{\376\377\000D\000\351\000c\000l\000a\000r\000a\000t\000i\000o\000n\000\040\000u\000n\000e\000\040\000d\040\031\000a\000p\000p\000l\000i\000c\000a\000t\000i\000o\000n}{subsection.1.2.2}% 11
\BOOKMARK [3][-]{subsubsection*.4}{\376\377\000D\000\351\000f\000i\000n\000i\000t\000i\000o\000n\000\040\000d\040\031\000u\000n\000e\000\040\000c\000o\000n\000s\000t\000a\000n\000t\000e}{subsection.1.2.2}% 12
\BOOKMARK [3][-]{subsubsection*.5}{\376\377\000D\000\351\000c\000l\000a\000r\000a\000t\000i\000o\000n\000\040\000d\040\031\000u\000n\000\040\000e\000n\000c\000h\000a\000\356\000n\000e\000u\000r}{subsection.1.2.2}% 13
\BOOKMARK [3][-]{subsubsection*.6}{\376\377\000D\000\351\000f\000i\000n\000i\000t\000i\000o\000n\000\040\000d\040\031\000u\000n\000e\000\040\000c\000a\000t\000\351\000g\000o\000r\000i\000e\000\040\000d\000e\000\040\000v\000a\000r\000i\000a\000b\000l\000e\000s}{subsection.1.2.2}% 14
\BOOKMARK [3][-]{subsubsection*.7}{\376\377\000D\000\351\000c\000l\000a\000r\000a\000t\000i\000o\000n\000\040\000d\040\031\000u\000n\000e\000\040\000v\000a\000r\000i\000a\000b\000l\000e}{subsection.1.2.2}% 15
\BOOKMARK [4][-]{paragraph*.8}{\376\377\000V\000a\000r\000i\000a\000b\000l\000e\000\040\000s\000a\000i\000s\000i\000e}{subsubsection*.7}% 16
\BOOKMARK [4][-]{paragraph*.9}{\376\377\000V\000a\000r\000i\000a\000b\000l\000e\000\040\000c\000a\000l\000c\000u\000l\000\351\000e}{subsubsection*.7}% 17
\BOOKMARK [3][-]{subsubsection*.10}{\376\377\000D\000\351\000c\000l\000a\000r\000a\000t\000i\000o\000n\000\040\000d\040\031\000u\000n\000e\000\040\000e\000r\000r\000e\000u\000r}{subsection.1.2.2}% 18
\BOOKMARK [3][-]{subsubsection*.11}{\376\377\000D\000\351\000c\000l\000a\000r\000a\000t\000i\000o\000n\000\040\000d\040\031\000u\000n\000e\000\040\000f\000o\000n\000c\000t\000i\000o\000n\000\040\000e\000x\000t\000e\000r\000n\000e}{subsection.1.2.2}% 19
\BOOKMARK [3][-]{subsubsection*.12}{\376\377\000D\000\351\000f\000i\000n\000i\000t\000i\000o\000n\000\040\000d\040\031\000u\000n\000\040\000d\000o\000m\000a\000i\000n\000e\000\040\000d\000e\000\040\000r\000\350\000g\000l\000e\000s}{subsection.1.2.2}% 20
\BOOKMARK [3][-]{subsubsection*.13}{\376\377\000D\000\351\000f\000i\000n\000i\000t\000i\000o\000n\000\040\000d\040\031\000u\000n\000\040\000d\000o\000m\000a\000i\000n\000e\000\040\000d\000e\000\040\000v\000\351\000r\000i\000f\000i\000c\000a\000t\000i\000o\000n\000s}{subsection.1.2.2}% 21
\BOOKMARK [3][-]{subsubsection*.14}{\376\377\000D\000\351\000c\000l\000a\000r\000a\000t\000i\000o\000n\000\040\000d\040\031\000u\000n\000e\000\040\000s\000o\000r\000t\000i\000e}{subsection.1.2.2}% 22
\BOOKMARK [3][-]{subsubsection*.15}{\376\377\000I\000n\000d\000i\000c\000e\000s}{subsection.1.2.2}% 23
\BOOKMARK [3][-]{subsubsection*.16}{\376\377\000E\000x\000p\000r\000e\000s\000s\000i\000o\000n\000s}{subsection.1.2.2}% 24
\BOOKMARK [3][-]{subsubsection*.17}{\376\377\000I\000n\000s\000t\000r\000u\000c\000t\000i\000o\000n\000s}{subsection.1.2.2}% 25
\BOOKMARK [3][-]{subsubsection*.18}{\376\377\000D\000\351\000f\000i\000n\000i\000t\000i\000o\000n\000\040\000d\040\031\000u\000n\000e\000\040\000r\000\350\000g\000l\000e}{subsection.1.2.2}% 26
\BOOKMARK [3][-]{subsubsection*.19}{\376\377\000D\000\351\000f\000i\000n\000i\000t\000i\000o\000n\000\040\000d\040\031\000u\000n\000e\000\040\000v\000\351\000r\000i\000f\000i\000c\000a\000t\000i\000o\000n}{subsection.1.2.2}% 27
\BOOKMARK [3][-]{subsubsection*.20}{\376\377\000D\000\351\000f\000i\000n\000i\000t\000i\000o\000n\000\040\000d\040\031\000u\000n\000e\000\040\000f\000o\000n\000c\000t\000i\000o\000n}{subsection.1.2.2}% 28
\BOOKMARK [3][-]{subsubsection*.21}{\376\377\000D\000\351\000f\000i\000n\000i\000t\000i\000o\000n\000\040\000d\040\031\000u\000n\000e\000\040\000c\000i\000b\000l\000e}{subsection.1.2.2}% 29
\BOOKMARK [3][-]{subsubsection*.22}{\376\377\000C\000o\000m\000m\000e\000n\000t\000a\000i\000r\000e\000s}{subsection.1.2.2}% 30
\BOOKMARK [2][-]{subsection.1.2.3}{\376\377\000L\000e\000s\000\040\000v\000a\000l\000e\000u\000r\000s}{section.1.2}% 31
\BOOKMARK [3][-]{subsubsection*.23}{\376\377\000C\000a\000l\000c\000u\000l\000\040\000b\000o\000o\000l\000\351\000e\000n}{subsection.1.2.3}% 32
\BOOKMARK [3][-]{subsubsection*.24}{\376\377\000C\000a\000l\000c\000u\000l\000\040\000n\000u\000m\000\351\000r\000i\000q\000u\000e}{subsection.1.2.3}% 33
\BOOKMARK [1][-]{section.1.3}{\376\377\000L\000e\000s\000\040\000f\000o\000n\000c\000t\000i\000o\000n\000s}{chapter.1}% 34
\BOOKMARK [2][-]{subsection.1.3.1}{\376\377\000a\000b\000s\000\050\000X\000\051}{section.1.3}% 35
\BOOKMARK [2][-]{subsection.1.3.2}{\376\377\000a\000f\000f\000i\000c\000h\000e\000r\000\050\000X\000\051\000\040\000/\000\040\000a\000f\000f\000i\000c\000h\000e\000r\000\040\000\253\000\240\000t\000e\000x\000t\000e\000\240\000\273}{section.1.3}% 36
\BOOKMARK [2][-]{subsection.1.3.3}{\376\377\000a\000r\000r\000\050\000X\000\051}{section.1.3}% 37
\BOOKMARK [2][-]{subsection.1.3.4}{\376\377\000a\000t\000t\000r\000i\000b\000u\000t\000\050\000X\000,\000\040\000a\000t\000t\000r\000i\000b\000u\000t\000\051}{section.1.3}% 38
\BOOKMARK [2][-]{subsection.1.3.5}{\376\377\000c\000h\000a\000m\000p\000\137\000e\000v\000e\000n\000e\000m\000e\000n\000t\000\050\000X\000,\000\040\000c\000h\000a\000m\000p\000\051}{section.1.3}% 39
\BOOKMARK [2][-]{subsection.1.3.6}{\376\377\000i\000n\000f\000\050\000X\000\051}{section.1.3}% 40
\BOOKMARK [2][-]{subsection.1.3.7}{\376\377\000m\000a\000x\000\050\000X\000,\000\040\000Y\000\051}{section.1.3}% 41
\BOOKMARK [2][-]{subsection.1.3.8}{\376\377\000m\000e\000m\000e\000\137\000v\000a\000r\000i\000a\000b\000l\000e\000\050\000X\000,\000\040\000Y\000\051}{section.1.3}% 42
\BOOKMARK [2][-]{subsection.1.3.9}{\376\377\000m\000u\000l\000t\000i\000m\000a\000x\000\050\000X\000,\000\040\000T\000A\000B\000\051}{section.1.3}% 43
\BOOKMARK [2][-]{subsection.1.3.10}{\376\377\000m\000i\000n\000\050\000X\000,\000\040\000Y\000\051}{section.1.3}% 44
\BOOKMARK [2][-]{subsection.1.3.11}{\376\377\000n\000b\000\137\000e\000v\000e\000n\000e\000m\000e\000n\000t\000s\000\050\000\051}{section.1.3}% 45
\BOOKMARK [2][-]{subsection.1.3.12}{\376\377\000n\000u\000l\000l\000\050\000X\000\051}{section.1.3}% 46
\BOOKMARK [2][-]{subsection.1.3.13}{\376\377\000p\000o\000s\000i\000t\000i\000f\000\050\000X\000\051}{section.1.3}% 47
\BOOKMARK [2][-]{subsection.1.3.14}{\376\377\000p\000o\000s\000i\000t\000i\000f\000\137\000o\000u\000\137\000n\000u\000l\000\050\000X\000\051}{section.1.3}% 48
\BOOKMARK [2][-]{subsection.1.3.15}{\376\377\000p\000r\000e\000s\000e\000n\000t\000\050\000X\000\051}{section.1.3}% 49
\BOOKMARK [2][-]{subsection.1.3.16}{\376\377\000s\000o\000m\000m\000e\000\050\000X\000,\000\040\000Y\000,\000\040\040\046\000\051}{section.1.3}% 50
\BOOKMARK [2][-]{subsection.1.3.17}{\376\377\000s\000u\000p\000z\000e\000r\000o\000\050\000X\000\051}{section.1.3}% 51
\BOOKMARK [2][-]{subsection.1.3.18}{\376\377\000t\000a\000i\000l\000l\000e\000\050\000T\000A\000B\000\051}{section.1.3}% 52
\BOOKMARK [2][-]{subsection.1.3.19}{\376\377\000t\000y\000p\000e\000\050\000V\000,\000\040\000t\000y\000p\000e\000\051}{section.1.3}% 53
\BOOKMARK [1][-]{section.1.4}{\376\377\000L\000e\000s\000\040\000f\000i\000c\000h\000i\000e\000r\000s\000\040\000I\000R\000J}{chapter.1}% 54
\BOOKMARK [2][-]{subsection.1.4.1}{\376\377\000S\000y\000n\000t\000a\000x\000e}{section.1.4}% 55
\BOOKMARK [2][-]{subsection.1.4.2}{\376\377\000U\000t\000i\000l\000i\000s\000a\000t\000i\000o\000n}{section.1.4}% 56
\BOOKMARK [3][-]{subsubsection*.25}{\376\377\000I\000R\000J\000\040\000c\000h\000e\000c\000k\000e\000r}{subsection.1.4.2}% 57
\BOOKMARK [3][-]{subsubsection*.26}{\376\377\000I\000n\000t\000e\000r\000p\000r\000e\000t\000e\000u\000r}{subsection.1.4.2}% 58
\BOOKMARK [3][-]{subsubsection*.27}{\376\377\000F\000i\000c\000h\000i\000e\000r\000s\000\040\000C}{subsection.1.4.2}% 59
\BOOKMARK [1][-]{section.1.5}{\376\377\000L\000e\000\040\000c\000o\000m\000p\000i\000l\000a\000t\000e\000u\000r\000\040\000M\000L\000a\000n\000g}{chapter.1}% 60
\BOOKMARK [2][-]{subsection.1.5.1}{\376\377\000I\000n\000s\000t\000a\000l\000l\000e\000r}{section.1.5}% 61
\BOOKMARK [2][-]{subsection.1.5.2}{\376\377\000U\000t\000i\000l\000i\000s\000e\000r\000\040\000M\000L\000a\000n\000g}{section.1.5}% 62
\BOOKMARK [3][-]{subsubsection*.28}{\376\377\000M\000o\000d\000e\000\040\000i\000n\000t\000e\000r\000p\000r\000e\000t\000e\000u\000r}{subsection.1.5.2}% 63
\BOOKMARK [3][-]{subsubsection*.29}{\376\377\000M\000o\000d\000e\000\040\000t\000r\000a\000n\000s\000p\000i\000l\000a\000t\000i\000o\000n}{subsection.1.5.2}% 64
\BOOKMARK [3][-]{subsubsection*.30}{\376\377\000O\000p\000t\000i\000o\000n\000s\000\040\000D\000G\000F\000i\000P}{subsection.1.5.2}% 65
\BOOKMARK [2][-]{subsection.1.5.3}{\376\377\000C\000o\000m\000p\000o\000r\000t\000e\000m\000e\000n\000t\000\040\000d\000e\000\040\000M\000l\000a\000n\000g}{section.1.5}% 66
\BOOKMARK [3][-]{subsubsection*.31}{\376\377\000T\000r\000a\000d\000u\000c\000t\000i\000o\000n}{subsection.1.5.3}% 67
\BOOKMARK [3][-]{subsubsection*.32}{\376\377\000P\000r\000\351\000-\000t\000r\000a\000i\000t\000e\000m\000e\000n\000t}{subsection.1.5.3}% 68
\BOOKMARK [4][-]{paragraph*.33}{\376\377\000C\000a\000s\000\040\000d\000e\000s\000\040\000a\000p\000p\000l\000i\000c\000a\000t\000i\000o\000n\000s}{subsubsection*.32}% 69
\BOOKMARK [4][-]{paragraph*.34}{\376\377\000C\000a\000s\000\040\000d\000e\000s\000\040\000c\000o\000n\000s\000t\000a\000n\000t\000e\000s}{subsubsection*.32}% 70
\BOOKMARK [4][-]{paragraph*.35}{\376\377\000I\000n\000t\000e\000r\000p\000r\000\351\000t\000a\000t\000i\000o\000n\000\040\000d\000e\000s\000\040\000i\000n\000d\000i\000c\000e\000s}{subsubsection*.32}% 71
\BOOKMARK [4][-]{paragraph*.36}{\376\377\000C\000a\000s\000\040\000d\000e\000s\000\040\000e\000x\000p\000r\000e\000s\000s\000i\000o\000n\000s\000\040\000s\000o\000m\000m\000e\000\050\040\046\000\051}{subsubsection*.32}% 72
\BOOKMARK [4][-]{paragraph*.37}{\376\377\000C\000a\000s\000\040\000d\000e\000s\000\040\000m\000u\000l\000t\000i\000-\000f\000o\000r\000m\000u\000l\000e\000s}{subsubsection*.32}% 73
\BOOKMARK [3][-]{subsubsection*.38}{\376\377\000V\000\351\000r\000i\000f\000i\000c\000a\000t\000i\000o\000n\000\040\000d\000e\000\040\000c\000o\000h\000\351\000r\000e\000n\000c\000e}{subsection.1.5.3}% 74
\BOOKMARK [3][-]{subsubsection*.39}{\376\377\000T\000r\000a\000i\000t\000e\000m\000e\000n\000t}{subsection.1.5.3}% 75
\BOOKMARK [4][-]{paragraph*.40}{\376\377\000I\000n\000t\000e\000r\000p\000r\000e\000t\000e\000u\000r}{subsubsection*.39}% 76
\BOOKMARK [4][-]{paragraph*.41}{\376\377\000T\000r\000a\000n\000s\000p\000i\000l\000a\000t\000i\000o\000n}{subsubsection*.39}% 77
\BOOKMARK [0][-]{chapter.2}{\376\377\000E\000x\000e\000m\000p\000l\000e\000s}{}% 78
\BOOKMARK [1][-]{section.2.1}{\376\377\000C\000a\000l\000c\000u\000l\000\040\000d\000e\000s\000\040\000v\000a\000l\000e\000u\000r\000s}{chapter.2}% 79
\BOOKMARK [2][-]{subsection.2.1.1}{\376\377\000F\000i\000c\000h\000i\000e\000r\000\040\000t\000e\000s\000t\000\040\000:\000\040\000t\000e\000s\000t\000.\000m}{section.2.1}% 80
\BOOKMARK [2][-]{subsection.2.1.2}{\376\377\000F\000i\000c\000h\000i\000e\000r\000\040\000i\000r\000j\000\040\000:\000\040\000t\000e\000s\000t\000.\000i\000r\000j}{section.2.1}% 81
\BOOKMARK [2][-]{subsection.2.1.3}{\376\377\000C\000o\000m\000m\000a\000n\000d\000e}{section.2.1}% 82
\BOOKMARK [1][-]{section.2.2}{\376\377\000L\000e\000s\000\040\000f\000o\000n\000c\000t\000i\000o\000n\000s}{chapter.2}% 83
\BOOKMARK [2][-]{subsection.2.2.1}{\376\377\000F\000i\000c\000h\000i\000e\000r\000\040\000t\000e\000s\000t\000\040\000:\000\040\000t\000e\000s\000t\000.\000m}{section.2.2}% 84
\BOOKMARK [2][-]{subsection.2.2.2}{\376\377\000F\000i\000c\000h\000i\000e\000r\000\040\000i\000r\000j\000\040\000:\000\040\000t\000e\000s\000t\000.\000i\000r\000j}{section.2.2}% 85
\BOOKMARK [2][-]{subsection.2.2.3}{\376\377\000C\000o\000m\000m\000a\000n\000d\000e}{section.2.2}% 86
\BOOKMARK [0][-]{chapter.3}{\376\377\000D\000o\000c\000u\000m\000e\000n\000t\000a\000t\000i\000o\000n\000\040\000d\000\351\000v\000e\000l\000o\000p\000p\000e\000u\000r}{}% 87
